// Jest Snapshot v1, https://goo.gl/fbAQLP

exports[`<InfoNotification/> renders an info notification 1`] = `
<x-notification
  data-testid="notification"
  type="INFO"
>
  MESSAGE
</x-notification>
`;
