// Jest Snapshot v1, https://goo.gl/fbAQLP

exports[`<Navigation/> renders properly 1`] = `
<button
  aria-disabled="false"
  aria-label="t(openNavigation)"
  class="Button__Container-sc-1v65cga-0 hCcPqW Navigation__OpenNavButton-tbbz22-3 jYZrGE"
  role="button"
  type="button"
>
  <svg
    fill="currentColor"
    height="1em"
    stroke="currentColor"
    stroke-width="0"
    viewBox="0 0 512 512"
    width="1em"
    xmlns="http://www.w3.org/2000/svg"
  >
    <path
      d="M32 96v64h448V96H32zm0 128v64h448v-64H32zm0 128v64h448v-64H32z"
    />
  </svg>
</button>
`;
