// Jest Snapshot v1, https://goo.gl/fbAQLP

exports[`<PasswordInput/> renders properly 1`] = `
<x-input
  label="LABEL"
  name="NAME"
  type="password"
/>
`;
