// Jest Snapshot v1, https://goo.gl/fbAQLP

exports[`<NotFound/> renders not found page 1`] = `
<x-page>
  <x-content>
    <x-breadcrumbs>
      <x-breadcrumb
        isend="true"
        text="t(title)"
        to="/404"
      />
    </x-breadcrumbs>
    <x-header
      title="t(title)"
    />
    <x-body>
      <p>
        t(resourceNotFound)
        :
        <span
          class="components__Italicize-sc-12mujor-0 dMUsvy"
        >
          PATHNAME
        </span>
      </p>
      <p>
        t(returning, {"seconds":15})
      </p>
    </x-body>
  </x-content>
</x-page>
`;
