// Jest Snapshot v1, https://goo.gl/fbAQLP

exports[`<AuthLink/> renders properly 1`] = `
<div>
  <x-navlink
    classname="AuthLink__StyledNavLink-gt2cja-0 VDgZX"
    route="[object Object]"
  />
</div>
`;
