// Jest Snapshot v1, https://goo.gl/fbAQLP

exports[`<Dashboard/> renders properly 1`] = `
<div
  class="Content__Styled-sc-1ovcgwr-0 ginwwh"
  data-testid="Dashboard"
>
  <div
    class="Header__Styled-sc-1wj09bb-0 kDHlTu"
    data-testid="Header"
  >
    
    <div
      data-autofocus-inside="true"
    >
      <h1
        class="Header__H1-sc-1wj09bb-1 dbepyo"
        id="main-content"
        tabindex="0"
      >
        t(title)
      </h1>
    </div>
  </div>
  <section
    class="Body__Styled-sc-4524au-0 cnhjhz"
    data-testid="Body"
  >
    <h2>
      Lorem ipsum dolor sit amet consectetuer adipiscing elit
    </h2>
    <button
      aria-disabled="false"
      aria-label="Focusable button"
      class="Button__Styled-sc-13kes55-0 dVNaCg"
      data-testid="Button"
      type="button"
    >
      Focusable button
    </button>
    <p>
      Lorem ipsum dolor sit amet, consectetuer adipiscing elit. Aenean commodo ligula eget dolor. Aenean massa 
      <strong>
        strong
      </strong>
      . Cum sociis natoque penatibus et magnis dis parturient montes, nascetur ridiculus mus. Donec quam felis, ultricies nec, pellentesque eu, pretium quis, sem. Nulla consequat massa quis enim. Donec pede justo, fringilla vel, aliquet nec, vulputate eget, arcu. In enim justo, rhoncus ut, imperdiet a, venenatis vitae, justo. Nullam dictum felis eu pede mollis pretium. Integer tincidunt. Cras dapibus. Vivamus elementum semper nisi. Aenean vulputate eleifend tellus. Aenean leo ligula, porttitor eu, consequat vitae, eleifend ac, enim. Aliquam lorem ante, dapibus in, viverra quis, feugiat a, tellus. Phasellus viverra nulla ut metus varius laoreet. Quisque rutrum. Aenean imperdiet. Etiam ultricies nisi vel augue. Curabitur ullamcorper ultricies nisi.
    </p>
    <h2>
      Lorem ipsum dolor sit amet consectetuer adipiscing elit
    </h2>
    <h3>
      Aenean commodo ligula eget dolor aenean massa
    </h3>
    <p>
      Lorem ipsum dolor sit amet, consectetuer adipiscing elit. Aenean commodo ligula eget dolor. Aenean massa. Cum sociis natoque penatibus et magnis dis parturient montes, nascetur ridiculus mus. Donec quam felis, ultricies nec, pellentesque eu, pretium quis, sem.
    </p>
    <h2>
      Aenean commodo ligula eget dolor aenean massa
    </h2>
    <p>
      Lorem ipsum dolor sit amet, consectetuer adipiscing elit. Aenean commodo ligula eget dolor. Aenean massa. Cum sociis natoque penatibus et magnis dis parturient montes, nascetur ridiculus mus. Donec quam felis, ultricies nec, pellentesque eu, pretium quis, sem.
    </p>
    <ul>
      <li>
        Lorem ipsum dolor sit amet consectetuer.
      </li>
      <li>
        Aenean commodo ligula eget dolor.
      </li>
      <li>
        Aenean massa cum sociis natoque penatibus.
      </li>
    </ul>
    <p>
      Lorem ipsum dolor sit amet, consectetuer adipiscing elit. Aenean commodo ligula eget dolor. Aenean massa. Cum sociis natoque penatibus et magnis dis parturient montes, nascetur ridiculus mus. Donec quam felis, ultricies nec, pellentesque eu, pretium quis, sem.
    </p>
    <p>
      Lorem ipsum dolor sit amet, consectetuer adipiscing elit. Aenean commodo ligula eget dolor. Aenean massa. Cum sociis natoque penatibus et magnis dis parturient montes, nascetur ridiculus mus. Donec quam felis, ultricies nec, pellentesque eu, pretium quis, sem.
    </p>
    <h2>
      Aenean commodo ligula eget dolor aenean massa
    </h2>
    <p>
      Lorem ipsum dolor sit amet, consectetuer adipiscing elit. Aenean commodo ligula eget dolor. Aenean massa. Cum sociis natoque penatibus et magnis dis parturient montes, nascetur ridiculus mus. Donec quam felis, ultricies nec, pellentesque eu, pretium quis, sem.
    </p>
    <ul>
      <li>
        Lorem ipsum dolor sit amet consectetuer.
      </li>
      <li>
        Aenean commodo ligula eget dolor.
      </li>
      <li>
        Aenean massa cum sociis natoque penatibus.
      </li>
    </ul>
    <p>
      Lorem ipsum dolor sit amet, consectetuer adipiscing elit. Aenean commodo ligula eget dolor. Aenean massa. Cum sociis natoque penatibus et magnis dis parturient montes, nascetur ridiculus mus. Donec quam felis, ultricies nec, pellentesque eu, pretium quis, sem.
    </p>
    <p>
      Lorem ipsum dolor sit amet, consectetuer adipiscing elit. Aenean commodo ligula eget dolor. Aenean massa. Cum sociis natoque penatibus et magnis dis parturient montes, nascetur ridiculus mus. Donec quam felis, ultricies nec, pellentesque eu, pretium quis, sem.
    </p>
    <h2>
      Aenean commodo ligula eget dolor aenean massa
    </h2>
    <p>
      Lorem ipsum dolor sit amet, consectetuer adipiscing elit. Aenean commodo ligula eget dolor. Aenean massa. Cum sociis natoque penatibus et magnis dis parturient montes, nascetur ridiculus mus. Donec quam felis, ultricies nec, pellentesque eu, pretium quis, sem.
    </p>
    <ul>
      <li>
        Lorem ipsum dolor sit amet consectetuer.
      </li>
      <li>
        Aenean commodo ligula eget dolor.
      </li>
      <li>
        Aenean massa cum sociis natoque penatibus.
      </li>
    </ul>
    <p>
      Lorem ipsum dolor sit amet, consectetuer adipiscing elit. Aenean commodo ligula eget dolor. Aenean massa. Cum sociis natoque penatibus et magnis dis parturient montes, nascetur ridiculus mus. Donec quam felis, ultricies nec, pellentesque eu, pretium quis, sem.
    </p>
  </section>
  <footer
    class="Footer__Styled-sc-18g9rsu-0 jRwNDo"
    data-testid="Footer"
  >
    <span>
      t(footer)
    </span>
    <div />
    <section
      class="Toggles__Styled-pxa8zq-0 AJWad"
      data-testid="Toggles"
    >
      <button
        aria-disabled="false"
        aria-label="t(modes.dark)"
        class="ToggleButton__ProxyButton-sc-1lul5b-0 etiKNI Button__Styled-sc-13kes55-0 UmzYp"
        data-testid="ToggleTheme"
        type="button"
      >
        <svg
          fill="none"
          height="1em"
          stroke="currentColor"
          stroke-linecap="round"
          stroke-linejoin="round"
          stroke-width="2"
          viewBox="0 0 24 24"
          width="1em"
          xmlns="http://www.w3.org/2000/svg"
        >
          <path
            d="M21 12.79A9 9 0 1 1 11.21 3 7 7 0 0 0 21 12.79z"
          />
        </svg>
      </button>
    </section>
  </footer>
</div>
`;
