// Jest Snapshot v1, https://goo.gl/fbAQLP

exports[`<WarnNotification/> renders an info notification 1`] = `
<x-notification
  data-testid="notification"
  type="WARN"
>
  MESSAGE
</x-notification>
`;
