// Jest Snapshot v1, https://goo.gl/fbAQLP

exports[`<TextInput/> renders properly 1`] = `
<x-input
  label="LABEL"
  name="NAME"
  type="text"
/>
`;
