// Jest Snapshot v1, https://goo.gl/fbAQLP

exports[`<DebugError/> renders children 1`] = `
<pre
  class="DebugError__Container-zh2bel-0 ciTnnT"
>
  MESSAGE
</pre>
`;
