// Jest Snapshot v1, https://goo.gl/fbAQLP

exports[`<Signup/> renders signup page 1`] = `
<x-page>
  <x-content>
    <x-breadcrumbs>
      <x-breadcrumb
        isend="true"
        text="t(title)"
        to="/signup"
      />
    </x-breadcrumbs>
    <x-header
      title="t(title)"
    />
    <x-body>
      <x-form />
    </x-body>
  </x-content>
</x-page>
`;
