// Jest Snapshot v1, https://goo.gl/fbAQLP

exports[`<ScreenReader/> renders properly 1`] = `
<div
  class="ScreenReader__Styled-sc-1cw9i4o-0 kdXzyL"
  data-testid="ScreenReader"
>
  <x-child />
</div>
`;
