// Jest Snapshot v1, https://goo.gl/fbAQLP

exports[`<NotFound/> renders properly 1`] = `
<div
  class="Content__Styled-sc-1ovcgwr-0 ginwwh"
  data-testid="NotFound"
>
  <ul
    class="Breadcrumbs__Styled-sc-1vurys9-0 eCXqTj"
    data-testid="Breadcrumbs"
  >
    <li
      class="Breadcrumb__StyledLi-sc-10k4iwi-0 HbQbf"
      data-testid="Breadcrumb"
    >
      <a
        aria-current="page"
        class="Breadcrumb__StyledNavLink-sc-10k4iwi-1 hnjuEu active"
        href="/"
      >
        t(home)
      </a>
    </li>
    <li
      class="Breadcrumb__StyledLi-sc-10k4iwi-0 HbQbf"
      data-testid="Breadcrumb"
    >
      <span
        class="Breadcrumb__StyledEnd-sc-10k4iwi-2 jhjkFr"
      >
        t(title)
      </span>
    </li>
  </ul>
  <div
    class="Header__Styled-sc-1wj09bb-0 kDHlTu"
    data-testid="Header"
  >
    <div
      data-autofocus-inside="true"
    >
      <h1
        class="Header__H1-sc-1wj09bb-1 dbepyo"
        id="main-content"
        tabindex="0"
      >
        t(title)
      </h1>
    </div>
  </div>
  <section
    class="Body__Styled-sc-4524au-0 dSCbQx"
    data-testid="Body"
  >
    <p>
      t(body)
    </p>
    <p>
      t(returning, {"seconds":15})
    </p>
  </section>
  <footer
    class="Footer__Styled-sc-18g9rsu-0 jRwNDo"
    data-testid="Footer"
  >
    <span>
      t(footer)
    </span>
    <div />
    <section
      class="Toggles__Styled-pxa8zq-0 AJWad"
      data-testid="Toggles"
    >
      <button
        aria-disabled="false"
        aria-label="t(modes.dark)"
        class="ToggleButton__ProxyButton-sc-1lul5b-0 etiKNI Button__Styled-sc-13kes55-0 UmzYp"
        data-testid="ToggleTheme"
        type="button"
      >
        <svg
          fill="none"
          height="1em"
          stroke="currentColor"
          stroke-linecap="round"
          stroke-linejoin="round"
          stroke-width="2"
          viewBox="0 0 24 24"
          width="1em"
          xmlns="http://www.w3.org/2000/svg"
        >
          <path
            d="M21 12.79A9 9 0 1 1 11.21 3 7 7 0 0 0 21 12.79z"
          />
        </svg>
      </button>
    </section>
  </footer>
</div>
`;
