// Jest Snapshot v1, https://goo.gl/fbAQLP

exports[`<Footer/> renders properly 1`] = `
<footer
  class="Footer__Container-sc-1tc55w2-0 hxLVSh"
  role="contentinfo"
>
  <div
    class="EllipsiedText-o83sq0-0 bVGnli"
  >
    t(footer, {"copyrightYear":2019,"name":"Acme Inc"})
  </div>
  <div>
    <x-child />
  </div>
  <div
    class="Muted__Container-sc-1r87izh-0 giApBU Footer__StyledMuted-sc-1tc55w2-1 doAUGd"
  >
    v
    1.0.1
  </div>
  <x-toggles />
</footer>
`;
