// Jest Snapshot v1, https://goo.gl/fbAQLP

exports[`<Captcha/> renders properly 1`] = `
<div>
  <label
    class="Captcha__Container-ePlvRt frrmIv"
  >
    <div
      class="Captcha__StyledInputLabel-fcOUQt jLVTxd"
    >
      t(proveYouAreNotARobot)
    </div>
    <x-hcaptcha
      sitekey="CAPTCHA_SITE_KEY"
    />
    <x-hiddeninput
      name="captchaToken"
    />
  </label>
</div>
`;
