// Jest Snapshot v1, https://goo.gl/fbAQLP

exports[`<AuthButton/> renders properly 1`] = `
<div>
  <x-navlink
    classname="AuthButton__StyledNavLink-sc-1wpg4pe-0 kftKTL"
    route="[object Object]"
  />
</div>
`;
