// Jest Snapshot v1, https://goo.gl/fbAQLP

exports[`<Main/> renders properly 1`] = `
<main
  class="Main__Container-sc-1i0e5od-0 ypbNd"
  role="main"
>
  <div
    class="Toastify"
  />
  <x-feature
    data-testid="feature"
    flag="web_beta-user"
  />
  <x-router />
</main>
`;
