// Jest Snapshot v1, https://goo.gl/fbAQLP

exports[`<Menu/> renders properly 1`] = `
<x-menu
  data-testid="Menu"
>
  <x-menu-disclosure>
    <x-child />
  </x-menu-disclosure>
  <x-menu>
    <x-menu-item>
      TEXT
    </x-menu-item>
  </x-menu>
</x-menu>
`;
