// Jest Snapshot v1, https://goo.gl/fbAQLP

exports[`<Routing/> renders properly 1`] = `
<x-switch
  data-testid="switch"
>
  <x-authroute />
</x-switch>
`;
