// Jest Snapshot v1, https://goo.gl/fbAQLP

exports[`<SkipToNavLink/> renders children 1`] = `
<a
  class="SkipLink__Container-invh0z-0 bgNsTY"
  href="#navigation"
>
  t(skipToNavigationLink)
</a>
`;
